<html>
<body>
<pre>
<h1>µVision Build Log</h1>
<h2>Tool Versions:</h2>
IDE-Version: µVision V5.43.1.0
Copyright (C) 2025 ARM Ltd and ARM Germany GmbH. All rights reserved.
License Information: user user
user
User-based license: Keil MDK Community (non-commercial free of charge)
Valid until: Jun 1 2033. Cached until: Feb 18 2026
 
Tool Versions:
Toolchain:       Keil MDK Community (non-commercial free of charge  Version: 5.43.0.0
Toolchain Path:  C:\Keil_v5\ARM\ARMCC\Bin
C Compiler:      Armcc.exe V5.06 update 6 (build 750)
Assembler:       Armasm.exe V5.06 update 6 (build 750)
Linker/Locator:  ArmLink.exe V5.06 update 6 (build 750)
Library Manager: ArmAr.exe V5.06 update 6 (build 750)
Hex Converter:   FromElf.exe V5.06 update 6 (build 750)
CPU DLL:         SARM.DLL V5.43.0.0
Dialog DLL:      DARMP.DLL V1.54.1.0
Target DLL:      UL2ARM.DLL V1.74.17.0
Dialog DLL:      TARMP.DLL V1.54.1.0
 
<h2>Project:</h2>
C:\ARM projects\Secured Embedded Linux Attendance System\LPC2129 Embeddec C Program\Attendance_System.uvproj
Project File Date:  02/11/2026

<h2>Output:</h2>
*** Warning: The configured compiler version '5.06 update 6 (build 750)' does not support the selected User Based Licensing technology.
*** Using Compiler 'V5.06 update 6 (build 750)', folder: 'C:\Keil_v5\ARM\ARMCC\Bin'
Rebuild target 'Target_1'
compiling i2c_driver.c...
compiling main.c...
compiling uart0_interrupt.c...
assembling Startup.s...
compiling rtc_driver.c...
compiling uart1_interrupt.c...
compiling uart0_driver.c...
compiling lcd_4bit_driver.c...
compiling uart1_driver.c...
compiling delay.c...
linking...
Program Size: Code=6500 RO-data=180 RW-data=20 ZI-data=1276  
FromELF: creating hex file...
".\Objects\Attendance_System.axf" - 0 Error(s), 0 Warning(s).
Build Time Elapsed:  00:00:02
</pre>
</body>
</html>
