Component: ARM Compiler 5.06 update 6 (build 750) Tool: armlink [4d35ed]

==============================================================================

Section Cross References

    startup.o(STACK) refers (Special) to heapauxi.o(.text) for __use_two_region_memory
    startup.o(HEAP) refers (Special) to heapauxi.o(.text) for __use_two_region_memory
    startup.o(RESET) refers (Special) to heapauxi.o(.text) for __use_two_region_memory
    startup.o(RESET) refers to startup.o(STACK) for Stack_Top
    startup.o(RESET) refers to __main.o(!!!main) for __main
    startup.o(.text) refers (Special) to heapauxi.o(.text) for __use_two_region_memory
    startup.o(.text) refers to startup.o(HEAP) for Heap_Mem
    startup.o(.text) refers to startup.o(STACK) for Stack_Mem
    main.o(i.main) refers to _printf_pad.o(.text) for _printf_pre_padding
    main.o(i.main) refers to _printf_percent.o(.ARM.Collect$$_printf_percent$$00000000) for _printf_percent
    main.o(i.main) refers to _printf_x.o(.ARM.Collect$$_printf_percent$$0000000C) for _printf_x
    main.o(i.main) refers to _printf_s.o(.ARM.Collect$$_printf_percent$$00000014) for _printf_s
    main.o(i.main) refers to _printf_hex_int.o(.text) for _printf_longlong_hex
    main.o(i.main) refers to _printf_str.o(.text) for _printf_str
    main.o(i.main) refers to lcd_4bit_driver.o(i.lcd_init) for lcd_init
    main.o(i.main) refers to i2c_driver.o(i.i2c_init) for i2c_init
    main.o(i.main) refers to uart0_driver.o(i.uart0_init) for uart0_init
    main.o(i.main) refers to uart1_driver.o(i.uart1_init) for uart1_init
    main.o(i.main) refers to uart0_interrupt.o(i.config_uart0_intr) for config_uart0_intr
    main.o(i.main) refers to uart1_interrupt.o(i.config_uart1_intr) for config_uart1_intr
    main.o(i.main) refers to rtc_driver.o(i.rtc_set_time) for rtc_set_time
    main.o(i.main) refers to rtc_driver.o(i.rtc_set_date) for rtc_set_date
    main.o(i.main) refers to lcd_4bit_driver.o(i.lcd_string) for lcd_string
    main.o(i.main) refers to delay.o(i.delay_ms) for delay_ms
    main.o(i.main) refers to lcd_4bit_driver.o(i.lcd_cmd) for lcd_cmd
    main.o(i.main) refers to rtc_driver.o(i.rtc_receive_time) for rtc_receive_time
    main.o(i.main) refers to rtc_driver.o(i.rtc_receive_date) for rtc_receive_date
    main.o(i.main) refers to lcd_4bit_driver.o(i.lcd_hex) for lcd_hex
    main.o(i.main) refers to lcd_4bit_driver.o(i.lcd_data) for lcd_data
    main.o(i.main) refers to rtc_driver.o(i.day_name) for day_name
    main.o(i.main) refers to noretval__2sprintf.o(.text) for __2sprintf
    main.o(i.main) refers to uart0_driver.o(i.uart0_tx_string) for uart0_tx_string
    main.o(i.main) refers to uart1_interrupt.o(.data) for rx_state
    main.o(i.main) refers to main.o(.data) for rtc_data
    main.o(i.main) refers to rtc_driver.o(.data) for am_pm_flag
    main.o(i.main) refers to uart1_interrupt.o(.bss) for id
    main.o(i.main) refers to uart0_interrupt.o(.data) for response_flag
    lcd_4bit_driver.o(i.lcd_cmd) refers to delay.o(i.delay_ms) for delay_ms
    lcd_4bit_driver.o(i.lcd_data) refers to delay.o(i.delay_ms) for delay_ms
    lcd_4bit_driver.o(i.lcd_hex) refers to _printf_pad.o(.text) for _printf_pre_padding
    lcd_4bit_driver.o(i.lcd_hex) refers to _printf_percent.o(.ARM.Collect$$_printf_percent$$00000000) for _printf_percent
    lcd_4bit_driver.o(i.lcd_hex) refers to _printf_x.o(.ARM.Collect$$_printf_percent$$0000000C) for _printf_x
    lcd_4bit_driver.o(i.lcd_hex) refers to _printf_hex_int.o(.text) for _printf_longlong_hex
    lcd_4bit_driver.o(i.lcd_hex) refers to noretval__2sprintf.o(.text) for __2sprintf
    lcd_4bit_driver.o(i.lcd_hex) refers to lcd_4bit_driver.o(i.lcd_string) for lcd_string
    lcd_4bit_driver.o(i.lcd_init) refers to lcd_4bit_driver.o(i.lcd_cmd) for lcd_cmd
    lcd_4bit_driver.o(i.lcd_string) refers to lcd_4bit_driver.o(i.lcd_data) for lcd_data
    uart0_driver.o(i.uart0_init) refers to aeabi_sdiv.o(.text_udiv) for __aeabi_uidivmod
    uart0_driver.o(i.uart0_init) refers to uart0_driver.o(.constdata) for .constdata
    uart0_driver.o(i.uart0_tx_string) refers to uart0_driver.o(i.uart0_tx) for uart0_tx
    uart1_driver.o(i.uart1_init) refers to aeabi_sdiv.o(.text_udiv) for __aeabi_uidivmod
    uart1_driver.o(i.uart1_init) refers to uart1_driver.o(.constdata) for .constdata
    uart1_driver.o(i.uart1_tx_string) refers to uart1_driver.o(i.uart1_tx) for uart1_tx
    i2c_driver.o(i.i2c_receive) refers to uart0_driver.o(i.uart0_tx_string) for uart0_tx_string
    i2c_driver.o(i.i2c_send) refers to uart0_driver.o(i.uart0_tx_string) for uart0_tx_string
    rtc_driver.o(i.day_name) refers to rt_memcpy_w.o(.text) for __aeabi_memcpy4
    rtc_driver.o(i.day_name) refers to rtc_driver.o(.constdata) for .constdata
    rtc_driver.o(i.rtc_receive_date) refers to i2c_driver.o(i.i2c_receive) for i2c_receive
    rtc_driver.o(i.rtc_receive_date) refers to main.o(.data) for rtc_data
    rtc_driver.o(i.rtc_receive_time) refers to i2c_driver.o(i.i2c_receive) for i2c_receive
    rtc_driver.o(i.rtc_receive_time) refers to main.o(.data) for rtc_data
    rtc_driver.o(i.rtc_receive_time) refers to rtc_driver.o(.data) for am_pm_flag
    rtc_driver.o(i.rtc_set_date) refers to i2c_driver.o(i.i2c_send) for i2c_send
    rtc_driver.o(i.rtc_set_time) refers to i2c_driver.o(i.i2c_send) for i2c_send
    rtc_driver.o(.constdata) refers to rtc_driver.o(.conststring) for .conststring
    uart0_interrupt.o(i.UART0_isr) refers to uart1_interrupt.o(.data) for rx_state
    uart0_interrupt.o(i.UART0_isr) refers to uart0_interrupt.o(.data) for auth_flag
    uart0_interrupt.o(i.config_uart0_intr) refers to uart0_interrupt.o(i.UART0_isr) for UART0_isr
    uart1_interrupt.o(i.UART1_isr) refers to uart1_interrupt.o(.data) for rx_state
    uart1_interrupt.o(i.UART1_isr) refers to uart1_interrupt.o(.bss) for id
    uart1_interrupt.o(i.config_uart1_intr) refers to uart1_interrupt.o(i.UART1_isr) for UART1_isr
    __2sprintf.o(.text) refers to _printf_char_common.o(.text) for _printf_char_common
    __2sprintf.o(.text) refers to _sputc.o(.text) for _sputc
    noretval__2sprintf.o(.text) refers to _printf_char_common.o(.text) for _printf_char_common
    noretval__2sprintf.o(.text) refers to _sputc.o(.text) for _sputc
    __printf.o(.text) refers to __printf.o(i.__ARM_common_call_via_r1) for __ARM_common_call_via_r1
    __printf.o(.text) refers to _printf_percent.o(.ARM.Collect$$_printf_percent$$00000000) for _printf_percent
    __printf.o(.text) refers to __printf.o(i.__ARM_common_call_via_r2) for __ARM_common_call_via_r2
    _printf_pad.o(.text) refers to __printf.o(i.__ARM_common_call_via_r2) for __ARM_common_call_via_r2
    _printf_str.o(.text) refers (Special) to _printf_char.o(.text) for _printf_cs_common
    _printf_str.o(.text) refers (Weak) to _printf_pad.o(.text) for _printf_pre_padding
    _printf_str.o(.text) refers to __printf.o(i.__ARM_common_call_via_r2) for __ARM_common_call_via_r2
    _printf_str.o(.text) refers (Weak) to _printf_pad.o(.text) for _printf_post_padding
    _printf_hex_ll.o(.text) refers to _printf_intcommon.o(.text) for _printf_int_common
    _printf_hex_ll.o(.text) refers to _printf_hex_ll.o(.constdata) for .constdata
    _printf_hex_int.o(.text) refers to _printf_intcommon.o(.text) for _printf_int_common
    _printf_hex_int.o(.text) refers to _printf_hex_int.o(.constdata) for .constdata
    _printf_hex_int_ll.o(.text) refers to _printf_intcommon.o(.text) for _printf_int_common
    _printf_hex_int_ll.o(.text) refers to _printf_hex_int_ll.o(.constdata) for .constdata
    _printf_hex_ptr.o(.text) refers to _printf_intcommon.o(.text) for _printf_int_common
    _printf_hex_ptr.o(.text) refers to _printf_hex_ptr.o(.constdata) for .constdata
    _printf_hex_int_ptr.o(.text) refers to _printf_intcommon.o(.text) for _printf_int_common
    _printf_hex_int_ptr.o(.text) refers to _printf_hex_int_ptr.o(.constdata) for .constdata
    _printf_hex_ll_ptr.o(.text) refers to _printf_intcommon.o(.text) for _printf_int_common
    _printf_hex_ll_ptr.o(.text) refers to _printf_hex_ll_ptr.o(.constdata) for .constdata
    _printf_hex_int_ll_ptr.o(.text) refers to _printf_intcommon.o(.text) for _printf_int_common
    _printf_hex_int_ll_ptr.o(.text) refers to _printf_hex_int_ll_ptr.o(.constdata) for .constdata
    __printf_flags.o(.text) refers to __printf.o(i.__ARM_common_call_via_r1) for __ARM_common_call_via_r1
    __printf_flags.o(.text) refers to _printf_percent.o(.ARM.Collect$$_printf_percent$$00000000) for _printf_percent
    __printf_flags.o(.text) refers to __printf.o(i.__ARM_common_call_via_r2) for __ARM_common_call_via_r2
    __printf_flags.o(.text) refers to __printf_flags.o(.constdata) for .constdata
    __printf_ss.o(.text) refers to __printf.o(i.__ARM_common_call_via_r1) for __ARM_common_call_via_r1
    __printf_ss.o(.text) refers to _printf_percent.o(.ARM.Collect$$_printf_percent$$00000000) for _printf_percent
    __printf_ss.o(.text) refers to __printf.o(i.__ARM_common_call_via_r2) for __ARM_common_call_via_r2
    __printf_flags_ss.o(.text) refers to __printf.o(i.__ARM_common_call_via_r1) for __ARM_common_call_via_r1
    __printf_flags_ss.o(.text) refers to _printf_percent.o(.ARM.Collect$$_printf_percent$$00000000) for _printf_percent
    __printf_flags_ss.o(.text) refers to __printf.o(i.__ARM_common_call_via_r2) for __ARM_common_call_via_r2
    __printf_flags_ss.o(.text) refers to __printf_flags_ss.o(.constdata) for .constdata
    __printf_wp.o(.text) refers to __printf.o(i.__ARM_common_call_via_r1) for __ARM_common_call_via_r1
    __printf_wp.o(.text) refers to __printf_wp.o(i._is_digit) for _is_digit
    __printf_wp.o(.text) refers to _printf_percent.o(.ARM.Collect$$_printf_percent$$00000000) for _printf_percent
    __printf_wp.o(.text) refers to __printf.o(i.__ARM_common_call_via_r2) for __ARM_common_call_via_r2
    __printf_flags_wp.o(.text) refers to __printf.o(i.__ARM_common_call_via_r1) for __ARM_common_call_via_r1
    __printf_flags_wp.o(.text) refers to __printf_wp.o(i._is_digit) for _is_digit
    __printf_flags_wp.o(.text) refers to _printf_percent.o(.ARM.Collect$$_printf_percent$$00000000) for _printf_percent
    __printf_flags_wp.o(.text) refers to __printf.o(i.__ARM_common_call_via_r2) for __ARM_common_call_via_r2
    __printf_flags_wp.o(.text) refers to __printf_flags_wp.o(.constdata) for .constdata
    __printf_ss_wp.o(.text) refers to __printf.o(i.__ARM_common_call_via_r1) for __ARM_common_call_via_r1
    __printf_ss_wp.o(.text) refers to __printf_wp.o(i._is_digit) for _is_digit
    __printf_ss_wp.o(.text) refers to _printf_percent.o(.ARM.Collect$$_printf_percent$$00000000) for _printf_percent
    __printf_ss_wp.o(.text) refers to __printf.o(i.__ARM_common_call_via_r2) for __ARM_common_call_via_r2
    __printf_flags_ss_wp.o(.text) refers to __printf.o(i.__ARM_common_call_via_r1) for __ARM_common_call_via_r1
    __printf_flags_ss_wp.o(.text) refers to __printf_wp.o(i._is_digit) for _is_digit
    __printf_flags_ss_wp.o(.text) refers to _printf_percent.o(.ARM.Collect$$_printf_percent$$00000000) for _printf_percent
    __printf_flags_ss_wp.o(.text) refers to __printf.o(i.__ARM_common_call_via_r2) for __ARM_common_call_via_r2
    __printf_flags_ss_wp.o(.text) refers to __printf_flags_ss_wp.o(.constdata) for .constdata
    _printf_s.o(.ARM.Collect$$_printf_percent$$00000014) refers (Weak) to _printf_char.o(.text) for _printf_string
    _printf_x.o(.ARM.Collect$$_printf_percent$$0000000C) refers (Weak) to _printf_hex_int.o(.text) for _printf_int_hex
    _printf_percent.o(.ARM.Collect$$_printf_percent$$00000000) refers (Special) to _printf_percent_end.o(.ARM.Collect$$_printf_percent$$00000017) for _printf_percent_end
    aeabi_sdiv.o(.text_udiv) refers to aeabi_sdiv.o(.text) for __arm_div2
    aeabi_sdiv_div0.o(.text_udiv) refers to aeabi_sdiv_div0.o(.text) for __arm_div2
    __main.o(!!!main) refers to __rtentry.o(.ARM.Collect$$rtentry$$00000000) for __rt_entry
    __rtentry.o(.ARM.Collect$$rtentry$$00000000) refers (Special) to __rtentry2.o(.ARM.Collect$$rtentry$$0000000A) for __rt_entry_li
    __rtentry.o(.ARM.Collect$$rtentry$$00000000) refers (Special) to __rtentry2.o(.ARM.Collect$$rtentry$$0000000D) for __rt_entry_main
    __rtentry.o(.ARM.Collect$$rtentry$$00000000) refers (Special) to __rtentry2.o(.ARM.Collect$$rtentry$$0000000C) for __rt_entry_postli_1
    __rtentry.o(.ARM.Collect$$rtentry$$00000000) refers (Special) to __rtentry2.o(.ARM.Collect$$rtentry$$00000009) for __rt_entry_postsh_1
    __rtentry.o(.ARM.Collect$$rtentry$$00000000) refers (Special) to __rtentry2.o(.ARM.Collect$$rtentry$$00000002) for __rt_entry_presh_1
    __rtentry.o(.ARM.Collect$$rtentry$$00000000) refers (Special) to __rtentry4.o(.ARM.Collect$$rtentry$$00000004) for __rt_entry_sh
    aeabi_idiv0_sigfpe.o(.text) refers to rt_div0.o(.text) for __rt_div0
    _printf_intcommon.o(.text) refers (Weak) to _printf_pad.o(.text) for _printf_pre_padding
    _printf_intcommon.o(.text) refers to __printf.o(i.__ARM_common_call_via_r2) for __ARM_common_call_via_r2
    _printf_intcommon.o(.text) refers (Weak) to _printf_pad.o(.text) for _printf_pre_padding
    _printf_intcommon.o(.text) refers (Weak) to _printf_pad.o(.text) for _printf_post_padding
    _printf_char_common.o(.text) refers to __printf_flags_wp.o(.text) for __printf
    _printf_char.o(.text) refers (Weak) to _printf_str.o(.text) for _printf_str
    __rtentry2.o(.ARM.Collect$$rtentry$$00000008) refers to boardinit2.o(.text) for _platform_post_stackheap_init
    __rtentry2.o(.ARM.Collect$$rtentry$$0000000A) refers to libinit.o(.ARM.Collect$$libinit$$00000000) for __rt_lib_init
    __rtentry2.o(.ARM.Collect$$rtentry$$0000000B) refers to boardinit3.o(.text) for _platform_post_lib_init
    __rtentry2.o(.ARM.Collect$$rtentry$$0000000D) refers to exit.o(.text) for exit
    __rtentry2.o(.ARM.Collect$$rtentry$$0000000D) refers to main.o(i.main) for main
    __rtentry2.o(.ARM.exidx) refers to __rtentry2.o(.ARM.Collect$$rtentry$$00000001) for .ARM.Collect$$rtentry$$00000001
    __rtentry2.o(.ARM.exidx) refers to __rtentry2.o(.ARM.Collect$$rtentry$$00000008) for .ARM.Collect$$rtentry$$00000008
    __rtentry2.o(.ARM.exidx) refers to __rtentry2.o(.ARM.Collect$$rtentry$$0000000A) for .ARM.Collect$$rtentry$$0000000A
    __rtentry2.o(.ARM.exidx) refers to __rtentry2.o(.ARM.Collect$$rtentry$$0000000B) for .ARM.Collect$$rtentry$$0000000B
    __rtentry2.o(.ARM.exidx) refers to __rtentry2.o(.ARM.Collect$$rtentry$$0000000D) for .ARM.Collect$$rtentry$$0000000D
    __rtentry4.o(.ARM.Collect$$rtentry$$00000004) refers to sys_stackheap_outer.o(.text) for __user_setup_stackheap
    __rtentry4.o(.ARM.exidx) refers to __rtentry4.o(.ARM.Collect$$rtentry$$00000004) for .ARM.Collect$$rtentry$$00000004
    rt_div0.o(.text) refers to defsig_fpe_outer.o(.text) for __rt_SIGFPE
    __printf_nopercent.o(.text) refers to __printf_nopercent.o(i.__ARM_common_call_via_r7) for __ARM_common_call_via_r7
    __printf_nopercent.o(.text) refers to __printf_nopercent.o(i.__ARM_common_call_via_r5) for __ARM_common_call_via_r5
    sys_stackheap_outer.o(.text) refers to libspace.o(.text) for __user_perproc_libspace
    sys_stackheap_outer.o(.text) refers to startup.o(.text) for __user_initial_stackheap
    exit.o(.text) refers to rtexit.o(.ARM.Collect$$rtexit$$00000000) for __rt_exit
    defsig_fpe_outer.o(.text) refers to defsig_fpe_inner.o(.text) for __rt_SIGFPE_inner
    defsig_fpe_outer.o(.text) refers to defsig_exit.o(.text) for __sig_exit
    defsig_fpe_formal.o(.text) refers to rt_raise.o(.text) for __rt_raise
    libinit.o(.ARM.Collect$$libinit$$00000000) refers (Special) to libinit2.o(.ARM.Collect$$libinit$$0000002E) for __rt_lib_init_alloca_1
    libinit.o(.ARM.Collect$$libinit$$00000000) refers (Special) to libinit2.o(.ARM.Collect$$libinit$$0000002C) for __rt_lib_init_argv_1
    libinit.o(.ARM.Collect$$libinit$$00000000) refers (Special) to libinit2.o(.ARM.Collect$$libinit$$0000001B) for __rt_lib_init_atexit_1
    libinit.o(.ARM.Collect$$libinit$$00000000) refers (Special) to libinit2.o(.ARM.Collect$$libinit$$00000021) for __rt_lib_init_clock_1
    libinit.o(.ARM.Collect$$libinit$$00000000) refers (Special) to libinit2.o(.ARM.Collect$$libinit$$00000032) for __rt_lib_init_cpp_1
    libinit.o(.ARM.Collect$$libinit$$00000000) refers (Special) to libinit2.o(.ARM.Collect$$libinit$$00000030) for __rt_lib_init_exceptions_1
    libinit.o(.ARM.Collect$$libinit$$00000000) refers (Special) to libinit2.o(.ARM.Collect$$libinit$$00000002) for __rt_lib_init_fp_1
    libinit.o(.ARM.Collect$$libinit$$00000000) refers (Special) to libinit2.o(.ARM.Collect$$libinit$$0000001F) for __rt_lib_init_fp_trap_1
    libinit.o(.ARM.Collect$$libinit$$00000000) refers (Special) to libinit2.o(.ARM.Collect$$libinit$$00000023) for __rt_lib_init_getenv_1
    libinit.o(.ARM.Collect$$libinit$$00000000) refers (Special) to libinit2.o(.ARM.Collect$$libinit$$0000000A) for __rt_lib_init_heap_1
    libinit.o(.ARM.Collect$$libinit$$00000000) refers (Special) to libinit2.o(.ARM.Collect$$libinit$$00000011) for __rt_lib_init_lc_collate_1
    libinit.o(.ARM.Collect$$libinit$$00000000) refers (Special) to libinit2.o(.ARM.Collect$$libinit$$00000013) for __rt_lib_init_lc_ctype_1
    libinit.o(.ARM.Collect$$libinit$$00000000) refers (Special) to libinit2.o(.ARM.Collect$$libinit$$00000015) for __rt_lib_init_lc_monetary_1
    libinit.o(.ARM.Collect$$libinit$$00000000) refers (Special) to libinit2.o(.ARM.Collect$$libinit$$00000017) for __rt_lib_init_lc_numeric_1
    libinit.o(.ARM.Collect$$libinit$$00000000) refers (Special) to libinit2.o(.ARM.Collect$$libinit$$00000019) for __rt_lib_init_lc_time_1
    libinit.o(.ARM.Collect$$libinit$$00000000) refers (Special) to libinit2.o(.ARM.Collect$$libinit$$00000004) for __rt_lib_init_preinit_1
    libinit.o(.ARM.Collect$$libinit$$00000000) refers (Special) to libinit2.o(.ARM.Collect$$libinit$$0000000E) for __rt_lib_init_rand_1
    libinit.o(.ARM.Collect$$libinit$$00000000) refers (Special) to libinit2.o(.ARM.Collect$$libinit$$00000033) for __rt_lib_init_return
    libinit.o(.ARM.Collect$$libinit$$00000000) refers (Special) to libinit2.o(.ARM.Collect$$libinit$$0000001D) for __rt_lib_init_signal_1
    libinit.o(.ARM.Collect$$libinit$$00000000) refers (Special) to libinit2.o(.ARM.Collect$$libinit$$00000025) for __rt_lib_init_stdio_1
    libinit.o(.ARM.Collect$$libinit$$00000000) refers (Special) to libinit2.o(.ARM.Collect$$libinit$$0000000C) for __rt_lib_init_user_alloc_1
    libspace.o(.text) refers to libspace.o(.bss) for __libspace_start
    rtexit.o(.ARM.Collect$$rtexit$$00000000) refers (Special) to rtexit2.o(.ARM.Collect$$rtexit$$00000004) for __rt_exit_exit
    rtexit.o(.ARM.Collect$$rtexit$$00000000) refers (Special) to rtexit2.o(.ARM.Collect$$rtexit$$00000003) for __rt_exit_ls
    rtexit.o(.ARM.Collect$$rtexit$$00000000) refers (Special) to rtexit2.o(.ARM.Collect$$rtexit$$00000002) for __rt_exit_prels_1
    rtexit.o(.ARM.exidx) refers (Special) to rtexit2.o(.ARM.Collect$$rtexit$$00000004) for __rt_exit_exit
    rtexit.o(.ARM.exidx) refers (Special) to rtexit2.o(.ARM.Collect$$rtexit$$00000003) for __rt_exit_ls
    rtexit.o(.ARM.exidx) refers (Special) to rtexit2.o(.ARM.Collect$$rtexit$$00000002) for __rt_exit_prels_1
    rtexit.o(.ARM.exidx) refers to rtexit.o(.ARM.Collect$$rtexit$$00000000) for .ARM.Collect$$rtexit$$00000000
    rt_raise.o(.text) refers to __raise.o(.text) for __raise
    rt_raise.o(.text) refers to sys_exit.o(.text) for _sys_exit
    defsig_exit.o(.text) refers to sys_exit.o(.text) for _sys_exit
    defsig_fpe_inner.o(.text) refers to defsig_general.o(.text) for __default_signal_display
    libinit2.o(.ARM.Collect$$libinit$$00000001) refers to fpinit.o(x$fpl$fpinit) for _fp_init
    libinit2.o(.ARM.Collect$$libinit$$00000010) refers to libinit2.o(.ARM.Collect$$libinit$$0000000F) for .ARM.Collect$$libinit$$0000000F
    libinit2.o(.ARM.Collect$$libinit$$00000012) refers to libinit2.o(.ARM.Collect$$libinit$$0000000F) for .ARM.Collect$$libinit$$0000000F
    libinit2.o(.ARM.Collect$$libinit$$00000014) refers to libinit2.o(.ARM.Collect$$libinit$$0000000F) for .ARM.Collect$$libinit$$0000000F
    libinit2.o(.ARM.Collect$$libinit$$00000016) refers to libinit2.o(.ARM.Collect$$libinit$$0000000F) for .ARM.Collect$$libinit$$0000000F
    libinit2.o(.ARM.Collect$$libinit$$00000018) refers to libinit2.o(.ARM.Collect$$libinit$$0000000F) for .ARM.Collect$$libinit$$0000000F
    libinit2.o(.ARM.Collect$$libinit$$00000026) refers to argv_veneer.o(.emb_text) for __ARM_argv_veneer
    libinit2.o(.ARM.Collect$$libinit$$00000027) refers to argv_veneer.o(.emb_text) for __ARM_argv_veneer
    sys_exit.o(.text) refers (Special) to use_no_semi.o(.text) for __I$use$semihosting
    sys_exit.o(.text) refers (Special) to indicate_semi.o(.text) for __semihosting_library_function
    rtexit2.o(.ARM.Collect$$rtexit$$00000003) refers to libshutdown.o(.ARM.Collect$$libshutdown$$00000000) for __rt_lib_shutdown
    rtexit2.o(.ARM.Collect$$rtexit$$00000004) refers to sys_exit.o(.text) for _sys_exit
    rtexit2.o(.ARM.exidx) refers to rtexit2.o(.ARM.Collect$$rtexit$$00000001) for .ARM.Collect$$rtexit$$00000001
    rtexit2.o(.ARM.exidx) refers to rtexit2.o(.ARM.Collect$$rtexit$$00000003) for .ARM.Collect$$rtexit$$00000003
    rtexit2.o(.ARM.exidx) refers to rtexit2.o(.ARM.Collect$$rtexit$$00000004) for .ARM.Collect$$rtexit$$00000004
    __raise.o(.text) refers to __printf.o(i.__ARM_common_call_via_r2) for __ARM_common_call_via_r2
    __raise.o(.text) refers to defsig.o(CL$$defsig) for __default_signal_handler
    defsig_general.o(.text) refers to sys_wrch.o(.text) for _ttywrch
    argv_veneer.o(.emb_text) refers to no_argv.o(.text) for __ARM_get_argv
    sys_wrch.o(.text) refers (Special) to use_no_semi.o(.text) for __I$use$semihosting
    sys_wrch.o(.text) refers (Special) to indicate_semi.o(.text) for __semihosting_library_function
    defsig.o(CL$$defsig) refers to defsig_fpe_inner.o(.text) for __rt_SIGFPE_inner
    defsig.o(CL$$defsig) refers to defsig_rtmem_inner.o(.text) for __rt_SIGRTMEM_inner
    _get_argv_nomalloc.o(.text) refers (Special) to hrguard.o(.text) for __heap_region$guard
    _get_argv_nomalloc.o(.text) refers to defsig_rtmem_outer.o(.text) for __rt_SIGRTMEM
    _get_argv_nomalloc.o(.text) refers to sys_command.o(.text) for _sys_command_string
    libshutdown.o(.ARM.Collect$$libshutdown$$00000000) refers (Special) to libshutdown2.o(.ARM.Collect$$libshutdown$$00000002) for __rt_lib_shutdown_cpp_1
    libshutdown.o(.ARM.Collect$$libshutdown$$00000000) refers (Special) to libshutdown2.o(.ARM.Collect$$libshutdown$$00000007) for __rt_lib_shutdown_fp_trap_1
    libshutdown.o(.ARM.Collect$$libshutdown$$00000000) refers (Special) to libshutdown2.o(.ARM.Collect$$libshutdown$$0000000F) for __rt_lib_shutdown_heap_1
    libshutdown.o(.ARM.Collect$$libshutdown$$00000000) refers (Special) to libshutdown2.o(.ARM.Collect$$libshutdown$$00000010) for __rt_lib_shutdown_return
    libshutdown.o(.ARM.Collect$$libshutdown$$00000000) refers (Special) to libshutdown2.o(.ARM.Collect$$libshutdown$$0000000A) for __rt_lib_shutdown_signal_1
    libshutdown.o(.ARM.Collect$$libshutdown$$00000000) refers (Special) to libshutdown2.o(.ARM.Collect$$libshutdown$$00000004) for __rt_lib_shutdown_stdio_1
    libshutdown.o(.ARM.Collect$$libshutdown$$00000000) refers (Special) to libshutdown2.o(.ARM.Collect$$libshutdown$$0000000C) for __rt_lib_shutdown_user_alloc_1
    sys_command.o(.text) refers (Special) to use_no_semi.o(.text) for __I$use$semihosting
    sys_command.o(.text) refers (Special) to indicate_semi.o(.text) for __semihosting_library_function
    defsig_abrt_inner.o(.text) refers to defsig_general.o(.text) for __default_signal_display
    defsig_rtred_inner.o(.text) refers to defsig_general.o(.text) for __default_signal_display
    defsig_rtmem_inner.o(.text) refers to defsig_general.o(.text) for __default_signal_display
    defsig_rtmem_outer.o(.text) refers to defsig_rtmem_inner.o(.text) for __rt_SIGRTMEM_inner
    defsig_rtmem_outer.o(.text) refers to defsig_exit.o(.text) for __sig_exit
    defsig_rtmem_formal.o(.text) refers to rt_raise.o(.text) for __rt_raise
    defsig_stak_inner.o(.text) refers to defsig_general.o(.text) for __default_signal_display
    defsig_pvfn_inner.o(.text) refers to defsig_general.o(.text) for __default_signal_display
    defsig_cppl_inner.o(.text) refers to defsig_general.o(.text) for __default_signal_display
    defsig_segv_inner.o(.text) refers to defsig_general.o(.text) for __default_signal_display
    defsig_other.o(.text) refers to defsig_general.o(.text) for __default_signal_display


==============================================================================

Removing Unused input sections from the image.

    Removing delay.o(i.delay_sec), (76 bytes).
    Removing uart0_driver.o(i.uart0_rx), (40 bytes).
    Removing uart1_driver.o(i.uart1_rx), (40 bytes).
    Removing uart1_driver.o(i.uart1_tx), (44 bytes).
    Removing uart1_driver.o(i.uart1_tx_string), (44 bytes).

5 unused section(s) (total 244 bytes) removed from the image.

==============================================================================

Adding Veneers to the image

    Adding TA veneer (4 bytes, Inline) for call to '_printf_percent' from __printf_flags_wp.o(.text).
    Adding AT veneer (8 bytes, Inline) for call to '__rt_lib_init' from __rtentry2.o(.ARM.Collect$$rtentry$$0000000A).
    Adding AT veneer (8 bytes, Inline) for call to '__rt_lib_shutdown' from rtexit2.o(.ARM.Collect$$rtexit$$00000003).
    Adding TA veneer (4 bytes, Inline) for call to '__rt_exit' from exit.o(.text).
    Adding AT veneer (8 bytes, Inline) for call to '__2sprintf' from lcd_4bit_driver.o(i.lcd_hex).
    Adding AT veneer (8 bytes, Inline) for call to '_printf_int_hex' from _printf_x.o(.ARM.Collect$$_printf_percent$$0000000C).
    Adding AT veneer (8 bytes, Inline) for call to '_printf_string' from _printf_s.o(.ARM.Collect$$_printf_percent$$00000014).
    Adding AT veneer (8 bytes, Inline) for call to '_sys_exit' from rtexit2.o(.ARM.Collect$$rtexit$$00000004).

8 Veneer(s) (total 56 bytes) added to the image.

==============================================================================

Image Symbol Table

    Local Symbols

    Symbol Name                              Value     Ov Type        Size  Object(Section)

    RESET                                    0x00000000   Section      272  startup.o(RESET)
    ../clib/angel/boardlib.s                 0x00000000   Number         0  boardshut.o ABSOLUTE
    ../clib/angel/boardlib.s                 0x00000000   Number         0  boardinit2.o ABSOLUTE
    ../clib/angel/boardlib.s                 0x00000000   Number         0  boardinit1.o ABSOLUTE
    ../clib/angel/boardlib.s                 0x00000000   Number         0  boardinit3.o ABSOLUTE
    ../clib/angel/handlers.s                 0x00000000   Number         0  __scatter_zi.o ABSOLUTE
    ../clib/angel/handlers.s                 0x00000000   Number         0  __scatter_copy.o ABSOLUTE
    ../clib/angel/kernel.s                   0x00000000   Number         0  rtexit2.o ABSOLUTE
    ../clib/angel/kernel.s                   0x00000000   Number         0  __rtentry4.o ABSOLUTE
    ../clib/angel/kernel.s                   0x00000000   Number         0  __rtentry2.o ABSOLUTE
    ../clib/angel/kernel.s                   0x00000000   Number         0  rtexit.o ABSOLUTE
    ../clib/angel/kernel.s                   0x00000000   Number         0  __rtentry.o ABSOLUTE
    ../clib/angel/rt.s                       0x00000000   Number         0  aeabi_idiv0.o ABSOLUTE
    ../clib/angel/rt.s                       0x00000000   Number         0  rt_div0.o ABSOLUTE
    ../clib/angel/rt.s                       0x00000000   Number         0  rt_raise.o ABSOLUTE
    ../clib/angel/rt.s                       0x00000000   Number         0  aeabi_idiv0_sigfpe.o ABSOLUTE
    ../clib/angel/scatter.s                  0x00000000   Number         0  __scatter.o ABSOLUTE
    ../clib/angel/startup.s                  0x00000000   Number         0  __main.o ABSOLUTE
    ../clib/angel/sys.s                      0x00000000   Number         0  sys_stackheap_outer.o ABSOLUTE
    ../clib/angel/sys.s                      0x00000000   Number         0  libspace.o ABSOLUTE
    ../clib/angel/sys.s                      0x00000000   Number         0  indicate_semi.o ABSOLUTE
    ../clib/angel/sys.s                      0x00000000   Number         0  use_no_semi.o ABSOLUTE
    ../clib/angel/sysapp.c                   0x00000000   Number         0  sys_command.o ABSOLUTE
    ../clib/angel/sysapp.c                   0x00000000   Number         0  sys_exit.o ABSOLUTE
    ../clib/angel/sysapp.c                   0x00000000   Number         0  sys_wrch.o ABSOLUTE
    ../clib/armsys.c                         0x00000000   Number         0  _get_argv_nomalloc.o ABSOLUTE
    ../clib/armsys.c                         0x00000000   Number         0  argv_veneer.o ABSOLUTE
    ../clib/armsys.c                         0x00000000   Number         0  argv_veneer.o ABSOLUTE
    ../clib/armsys.c                         0x00000000   Number         0  no_argv.o ABSOLUTE
    ../clib/division.s                       0x00000000   Number         0  aeabi_sdiv_div0.o ABSOLUTE
    ../clib/division.s                       0x00000000   Number         0  aeabi_sdiv.o ABSOLUTE
    ../clib/divrt.s                          0x00000000   Number         0  divrt_7tdmi_div0.o ABSOLUTE
    ../clib/divrt.s                          0x00000000   Number         0  divrt_7tdmi.o ABSOLUTE
    ../clib/heapalloc.c                      0x00000000   Number         0  hrguard.o ABSOLUTE
    ../clib/heapaux.c                        0x00000000   Number         0  heapauxi.o ABSOLUTE
    ../clib/libinit.s                        0x00000000   Number         0  libshutdown.o ABSOLUTE
    ../clib/libinit.s                        0x00000000   Number         0  libinit.o ABSOLUTE
    ../clib/libinit.s                        0x00000000   Number         0  libshutdown2.o ABSOLUTE
    ../clib/libinit.s                        0x00000000   Number         0  libinit2.o ABSOLUTE
    ../clib/memcpset.s                       0x00000000   Number         0  rt_memcpy_w.o ABSOLUTE
    ../clib/misc.s                           0x00000000   Number         0  printf_stubs.o ABSOLUTE
    ../clib/printf.c                         0x00000000   Number         0  __printf_nopercent.o ABSOLUTE
    ../clib/printf.c                         0x00000000   Number         0  __printf_wp.o ABSOLUTE
    ../clib/printf.c                         0x00000000   Number         0  __printf_flags_ss_wp.o ABSOLUTE
    ../clib/printf.c                         0x00000000   Number         0  __printf_ss_wp.o ABSOLUTE
    ../clib/printf.c                         0x00000000   Number         0  __printf_flags_wp.o ABSOLUTE
    ../clib/printf.c                         0x00000000   Number         0  __printf_ss.o ABSOLUTE
    ../clib/printf.c                         0x00000000   Number         0  __printf_flags.o ABSOLUTE
    ../clib/printf.c                         0x00000000   Number         0  _printf_hex_int_ll_ptr.o ABSOLUTE
    ../clib/printf.c                         0x00000000   Number         0  _printf_hex_ptr.o ABSOLUTE
    ../clib/printf.c                         0x00000000   Number         0  _printf_str.o ABSOLUTE
    ../clib/printf.c                         0x00000000   Number         0  _printf_hex_int_ll.o ABSOLUTE
    ../clib/printf.c                         0x00000000   Number         0  _printf_hex_ll_ptr.o ABSOLUTE
    ../clib/printf.c                         0x00000000   Number         0  _printf_hex_int_ptr.o ABSOLUTE
    ../clib/printf.c                         0x00000000   Number         0  _printf_hex_ll.o ABSOLUTE
    ../clib/printf.c                         0x00000000   Number         0  _printf_hex_int.o ABSOLUTE
    ../clib/printf.c                         0x00000000   Number         0  __2sprintf.o ABSOLUTE
    ../clib/printf.c                         0x00000000   Number         0  noretval__2sprintf.o ABSOLUTE
    ../clib/printf.c                         0x00000000   Number         0  __printf.o ABSOLUTE
    ../clib/printf.c                         0x00000000   Number         0  __printf_flags_ss.o ABSOLUTE
    ../clib/printf.c                         0x00000000   Number         0  _printf_pad.o ABSOLUTE
    ../clib/printf.c                         0x00000000   Number         0  _printf_char.o ABSOLUTE
    ../clib/printf.c                         0x00000000   Number         0  _sputc.o ABSOLUTE
    ../clib/printf.c                         0x00000000   Number         0  _printf_char_common.o ABSOLUTE
    ../clib/printf.c                         0x00000000   Number         0  _printf_intcommon.o ABSOLUTE
    ../clib/printf_percent.s                 0x00000000   Number         0  _printf_x.o ABSOLUTE
    ../clib/printf_percent.s                 0x00000000   Number         0  _printf_s.o ABSOLUTE
    ../clib/printf_percent.s                 0x00000000   Number         0  _printf_percent.o ABSOLUTE
    ../clib/printf_percent.s                 0x00000000   Number         0  _printf_percent_end.o ABSOLUTE
    ../clib/signal.c                         0x00000000   Number         0  defsig_fpe_inner.o ABSOLUTE
    ../clib/signal.c                         0x00000000   Number         0  defsig_exit.o ABSOLUTE
    ../clib/signal.c                         0x00000000   Number         0  defsig_general.o ABSOLUTE
    ../clib/signal.c                         0x00000000   Number         0  defsig_fpe_formal.o ABSOLUTE
    ../clib/signal.c                         0x00000000   Number         0  defsig_fpe_outer.o ABSOLUTE
    ../clib/signal.c                         0x00000000   Number         0  defsig_abrt_inner.o ABSOLUTE
    ../clib/signal.c                         0x00000000   Number         0  defsig_rtred_inner.o ABSOLUTE
    ../clib/signal.c                         0x00000000   Number         0  defsig_pvfn_inner.o ABSOLUTE
    ../clib/signal.c                         0x00000000   Number         0  defsig_rtmem_inner.o ABSOLUTE
    ../clib/signal.c                         0x00000000   Number         0  defsig_other.o ABSOLUTE
    ../clib/signal.c                         0x00000000   Number         0  defsig_segv_inner.o ABSOLUTE
    ../clib/signal.c                         0x00000000   Number         0  defsig_cppl_inner.o ABSOLUTE
    ../clib/signal.c                         0x00000000   Number         0  defsig_stak_inner.o ABSOLUTE
    ../clib/signal.c                         0x00000000   Number         0  defsig_rtmem_outer.o ABSOLUTE
    ../clib/signal.c                         0x00000000   Number         0  defsig_rtmem_formal.o ABSOLUTE
    ../clib/signal.c                         0x00000000   Number         0  __raise.o ABSOLUTE
    ../clib/signal.s                         0x00000000   Number         0  defsig.o ABSOLUTE
    ../clib/stdlib.c                         0x00000000   Number         0  exit.o ABSOLUTE
    ../fplib/fpinit.s                        0x00000000   Number         0  fpinit.o ABSOLUTE
    Startup.s                                0x00000000   Number         0  startup.o ABSOLUTE
    dc.s                                     0x00000000   Number         0  dc.o ABSOLUTE
    delay.c                                  0x00000000   Number         0  delay.o ABSOLUTE
    i2c_driver.c                             0x00000000   Number         0  i2c_driver.o ABSOLUTE
    lcd_4bit_driver.c                        0x00000000   Number         0  lcd_4bit_driver.o ABSOLUTE
    main.c                                   0x00000000   Number         0  main.o ABSOLUTE
    rtc_driver.c                             0x00000000   Number         0  rtc_driver.o ABSOLUTE
    uart0_driver.c                           0x00000000   Number         0  uart0_driver.o ABSOLUTE
    uart0_interrupt.c                        0x00000000   Number         0  uart0_interrupt.o ABSOLUTE
    uart1_driver.c                           0x00000000   Number         0  uart1_driver.o ABSOLUTE
    uart1_interrupt.c                        0x00000000   Number         0  uart1_interrupt.o ABSOLUTE
    Undef_Handler                            0x00000040   ARM Code       4  startup.o(RESET)
    SWI_Handler                              0x00000044   ARM Code       4  startup.o(RESET)
    PAbt_Handler                             0x00000048   ARM Code       4  startup.o(RESET)
    DAbt_Handler                             0x0000004c   ARM Code       4  startup.o(RESET)
    IRQ_Handler                              0x00000050   ARM Code       4  startup.o(RESET)
    FIQ_Handler                              0x00000054   ARM Code       4  startup.o(RESET)
    !!!main                                  0x00000110   Section        8  __main.o(!!!main)
    !!!scatter                               0x00000118   Section       60  __scatter.o(!!!scatter)
    !!handler_copy                           0x00000154   Section       40  __scatter_copy.o(!!handler_copy)
    !!handler_zi                             0x0000017c   Section       44  __scatter_zi.o(!!handler_zi)
    .ARM.Collect$$_printf_percent$$00000000  0x000001ac   Section        0  _printf_percent.o(.ARM.Collect$$_printf_percent$$00000000)
    .ARM.Collect$$_printf_percent$$0000000C  0x000001ac   Section        8  _printf_x.o(.ARM.Collect$$_printf_percent$$0000000C)
    .ARM.Collect$$_printf_percent$$00000014  0x000001b4   Section        8  _printf_s.o(.ARM.Collect$$_printf_percent$$00000014)
    .ARM.Collect$$_printf_percent$$00000017  0x000001bc   Section        8  _printf_percent_end.o(.ARM.Collect$$_printf_percent$$00000017)
    .ARM.Collect$$libinit$$00000000          0x000001cc   Section        2  libinit.o(.ARM.Collect$$libinit$$00000000)
    .ARM.Collect$$libinit$$00000002          0x000001ce   Section        0  libinit2.o(.ARM.Collect$$libinit$$00000002)
    .ARM.Collect$$libinit$$00000004          0x000001ce   Section        0  libinit2.o(.ARM.Collect$$libinit$$00000004)
    .ARM.Collect$$libinit$$0000000A          0x000001ce   Section        0  libinit2.o(.ARM.Collect$$libinit$$0000000A)
    .ARM.Collect$$libinit$$0000000C          0x000001ce   Section        0  libinit2.o(.ARM.Collect$$libinit$$0000000C)
    .ARM.Collect$$libinit$$0000000E          0x000001ce   Section        0  libinit2.o(.ARM.Collect$$libinit$$0000000E)
    .ARM.Collect$$libinit$$00000011          0x000001ce   Section        0  libinit2.o(.ARM.Collect$$libinit$$00000011)
    .ARM.Collect$$libinit$$00000013          0x000001ce   Section        0  libinit2.o(.ARM.Collect$$libinit$$00000013)
    .ARM.Collect$$libinit$$00000015          0x000001ce   Section        0  libinit2.o(.ARM.Collect$$libinit$$00000015)
    .ARM.Collect$$libinit$$00000017          0x000001ce   Section        0  libinit2.o(.ARM.Collect$$libinit$$00000017)
    .ARM.Collect$$libinit$$00000019          0x000001ce   Section        0  libinit2.o(.ARM.Collect$$libinit$$00000019)
    .ARM.Collect$$libinit$$0000001B          0x000001ce   Section        0  libinit2.o(.ARM.Collect$$libinit$$0000001B)
    .ARM.Collect$$libinit$$0000001D          0x000001ce   Section        0  libinit2.o(.ARM.Collect$$libinit$$0000001D)
    .ARM.Collect$$libinit$$0000001F          0x000001ce   Section        0  libinit2.o(.ARM.Collect$$libinit$$0000001F)
    .ARM.Collect$$libinit$$00000021          0x000001ce   Section        0  libinit2.o(.ARM.Collect$$libinit$$00000021)
    .ARM.Collect$$libinit$$00000023          0x000001ce   Section        0  libinit2.o(.ARM.Collect$$libinit$$00000023)
    .ARM.Collect$$libinit$$00000025          0x000001ce   Section        0  libinit2.o(.ARM.Collect$$libinit$$00000025)
    .ARM.Collect$$libinit$$0000002C          0x000001ce   Section        0  libinit2.o(.ARM.Collect$$libinit$$0000002C)
    .ARM.Collect$$libinit$$0000002E          0x000001ce   Section        0  libinit2.o(.ARM.Collect$$libinit$$0000002E)
    .ARM.Collect$$libinit$$00000030          0x000001ce   Section        0  libinit2.o(.ARM.Collect$$libinit$$00000030)
    .ARM.Collect$$libinit$$00000032          0x000001ce   Section        0  libinit2.o(.ARM.Collect$$libinit$$00000032)
    .ARM.Collect$$libinit$$00000033          0x000001ce   Section       12  libinit2.o(.ARM.Collect$$libinit$$00000033)
    .ARM.Collect$$libshutdown$$00000000      0x000001e4   Section        4  libshutdown.o(.ARM.Collect$$libshutdown$$00000000)
    .ARM.Collect$$libshutdown$$00000002      0x000001e8   Section        0  libshutdown2.o(.ARM.Collect$$libshutdown$$00000002)
    .ARM.Collect$$libshutdown$$00000004      0x000001e8   Section        0  libshutdown2.o(.ARM.Collect$$libshutdown$$00000004)
    .ARM.Collect$$libshutdown$$00000007      0x000001e8   Section        0  libshutdown2.o(.ARM.Collect$$libshutdown$$00000007)
    .ARM.Collect$$libshutdown$$0000000A      0x000001e8   Section        0  libshutdown2.o(.ARM.Collect$$libshutdown$$0000000A)
    .ARM.Collect$$libshutdown$$0000000C      0x000001e8   Section        0  libshutdown2.o(.ARM.Collect$$libshutdown$$0000000C)
    .ARM.Collect$$libshutdown$$0000000F      0x000001e8   Section        0  libshutdown2.o(.ARM.Collect$$libshutdown$$0000000F)
    .ARM.Collect$$libshutdown$$00000010      0x000001e8   Section        6  libshutdown2.o(.ARM.Collect$$libshutdown$$00000010)
    .ARM.Collect$$rtentry$$00000000          0x000001f0   Section        0  __rtentry.o(.ARM.Collect$$rtentry$$00000000)
    .ARM.Collect$$rtentry$$00000002          0x000001f0   Section        0  __rtentry2.o(.ARM.Collect$$rtentry$$00000002)
    .ARM.Collect$$rtentry$$00000004          0x000001f0   Section        8  __rtentry4.o(.ARM.Collect$$rtentry$$00000004)
    .ARM.Collect$$rtentry$$00000009          0x000001f8   Section        0  __rtentry2.o(.ARM.Collect$$rtentry$$00000009)
    .ARM.Collect$$rtentry$$0000000A          0x000001f8   Section        4  __rtentry2.o(.ARM.Collect$$rtentry$$0000000A)
    .ARM.Collect$$rtentry$$0000000C          0x000001fc   Section        0  __rtentry2.o(.ARM.Collect$$rtentry$$0000000C)
    .ARM.Collect$$rtentry$$0000000D          0x000001fc   Section       40  __rtentry2.o(.ARM.Collect$$rtentry$$0000000D)
    .ARM.Collect$$rtexit$$00000000           0x00000228   Section        4  rtexit.o(.ARM.Collect$$rtexit$$00000000)
    .ARM.Collect$$rtexit$$00000002           0x0000022c   Section        0  rtexit2.o(.ARM.Collect$$rtexit$$00000002)
    .ARM.Collect$$rtexit$$00000003           0x0000022c   Section        4  rtexit2.o(.ARM.Collect$$rtexit$$00000003)
    .ARM.Collect$$rtexit$$00000004           0x00000230   Section        8  rtexit2.o(.ARM.Collect$$rtexit$$00000004)
    .text                                    0x00000238   Section       32  startup.o(.text)
    .text                                    0x00000260   Section        0  noretval__2sprintf.o(.text)
    .text                                    0x00000288   Section        0  _printf_pad.o(.text)
    .text                                    0x000002de   Section        0  _printf_str.o(.text)
    .text                                    0x00000340   Section        0  _printf_hex_int.o(.text)
    .text                                    0x0000039c   Section        0  __printf_flags_wp.o(.text)
    .text                                    0x000004e4   Section      100  rt_memcpy_w.o(.text)
    .text                                    0x00000548   Section      384  aeabi_sdiv.o(.text)
    __arm_div8                               0x00000574   ARM Code       0  aeabi_sdiv.o(.text)
    __arm_div5                               0x00000598   ARM Code       0  aeabi_sdiv.o(.text)
    __arm_div2                               0x000005bc   ARM Code       0  aeabi_sdiv.o(.text)
    __arm_div_large                          0x000005f8   ARM Code       0  aeabi_sdiv.o(.text)
    .text                                    0x000006c8   Section        0  heapauxi.o(.text)
    .text                                    0x000006ce   Section        0  _printf_intcommon.o(.text)
    .text                                    0x00000788   Section        0  _printf_char_common.o(.text)
    _printf_input_char                       0x00000789   Thumb Code    10  _printf_char_common.o(.text)
    .text                                    0x000007b8   Section        0  _sputc.o(.text)
    .text                                    0x000007cc   Section        0  _printf_char.o(.text)
    .text                                    0x00000800   Section       96  sys_stackheap_outer.o(.text)
    .text                                    0x00000860   Section        0  exit.o(.text)
    .text                                    0x00000874   Section       12  libspace.o(.text)
    .text                                    0x00000888   Section        0  sys_exit.o(.text)
    .text                                    0x00000894   Section        4  use_no_semi.o(.text)
    .text                                    0x00000898   Section        0  indicate_semi.o(.text)
    .text_udiv                               0x00000898   Section       36  aeabi_sdiv.o(.text_udiv)
    i.UART0_isr                              0x000008bc   Section        0  uart0_interrupt.o(i.UART0_isr)
    i.UART1_isr                              0x00000938   Section        0  uart1_interrupt.o(i.UART1_isr)
    i.__ARM_common_call_via_r1               0x000009f4   Section        0  __printf.o(i.__ARM_common_call_via_r1)
    i.__ARM_common_call_via_r2               0x000009f6   Section        0  __printf.o(i.__ARM_common_call_via_r2)
    i._is_digit                              0x000009f8   Section        0  __printf_wp.o(i._is_digit)
    i.config_uart0_intr                      0x00000a08   Section        0  uart0_interrupt.o(i.config_uart0_intr)
    i.config_uart1_intr                      0x00000a34   Section        0  uart1_interrupt.o(i.config_uart1_intr)
    i.day_name                               0x00000a68   Section        0  rtc_driver.o(i.day_name)
    i.delay_ms                               0x00000ab4   Section        0  delay.o(i.delay_ms)
    i.i2c_init                               0x00000b00   Section        0  i2c_driver.o(i.i2c_init)
    i.i2c_receive                            0x00000b34   Section        0  i2c_driver.o(i.i2c_receive)
    i.i2c_send                               0x00000d1c   Section        0  i2c_driver.o(i.i2c_send)
    i.lcd_cmd                                0x00000ea4   Section        0  lcd_4bit_driver.o(i.lcd_cmd)
    i.lcd_data                               0x00000f44   Section        0  lcd_4bit_driver.o(i.lcd_data)
    i.lcd_hex                                0x00000fe4   Section        0  lcd_4bit_driver.o(i.lcd_hex)
    i.lcd_init                               0x00001014   Section        0  lcd_4bit_driver.o(i.lcd_init)
    i.lcd_string                             0x00001060   Section        0  lcd_4bit_driver.o(i.lcd_string)
    i.main                                   0x0000108c   Section        0  main.o(i.main)
    i.rtc_receive_date                       0x00001634   Section        0  rtc_driver.o(i.rtc_receive_date)
    i.rtc_receive_time                       0x00001694   Section        0  rtc_driver.o(i.rtc_receive_time)
    i.rtc_set_date                           0x00001750   Section        0  rtc_driver.o(i.rtc_set_date)
    i.rtc_set_time                           0x000017ac   Section        0  rtc_driver.o(i.rtc_set_time)
    i.uart0_init                             0x000017f4   Section        0  uart0_driver.o(i.uart0_init)
    i.uart0_tx                               0x00001880   Section        0  uart0_driver.o(i.uart0_tx)
    i.uart0_tx_string                        0x000018ac   Section        0  uart0_driver.o(i.uart0_tx_string)
    i.uart1_init                             0x000018d8   Section        0  uart1_driver.o(i.uart1_init)
    .constdata                               0x00001964   Section       12  uart0_driver.o(.constdata)
    .constdata                               0x00001970   Section       12  uart1_driver.o(.constdata)
    .constdata                               0x0000197c   Section       32  rtc_driver.o(.constdata)
    .constdata                               0x0000199c   Section       40  _printf_hex_int.o(.constdata)
    uc_hextab                                0x0000199c   Data          20  _printf_hex_int.o(.constdata)
    lc_hextab                                0x000019b0   Data          20  _printf_hex_int.o(.constdata)
    .constdata                               0x000019c4   Section       17  __printf_flags_wp.o(.constdata)
    maptable                                 0x000019c4   Data          17  __printf_flags_wp.o(.constdata)
    .conststring                             0x000019d8   Section       29  rtc_driver.o(.conststring)
    .data                                    0x40000000   Section        7  main.o(.data)
    .data                                    0x40000007   Section        1  rtc_driver.o(.data)
    .data                                    0x40000008   Section        2  uart0_interrupt.o(.data)
    .data                                    0x4000000c   Section        8  uart1_interrupt.o(.data)
    i                                        0x40000010   Data           4  uart1_interrupt.o(.data)
    .bss                                     0x40000014   Section       13  uart1_interrupt.o(.bss)
    .bss                                     0x40000024   Section       96  libspace.o(.bss)
    HEAP                                     0x40000088   Section        0  startup.o(HEAP)
    STACK                                    0x40000088   Section     1160  startup.o(STACK)
    Heap_Mem                                 0x40000088   Data           0  startup.o(HEAP)
    Stack_Mem                                0x40000088   Data        1024  startup.o(STACK)
    Stack_Top                                0x40000510   Data           0  startup.o(STACK)

    Global Symbols

    Symbol Name                              Value     Ov Type        Size  Object(Section)

    BuildAttributes$$THM_ISAv1$ARM_ISAv4$S$PE$A:L22$X:L11$S22$IEEE1$IW$USESV6$~STKCKD$USESV7$~SHL$OSPACE$ROPI$EBA8$UX$STANDARDLIB$REQ8$PRES8$EABIv2 0x00000000   Number         0  anon$$obj.o ABSOLUTE
    __ARM_use_no_argv                        0x00000000   Number         0  main.o ABSOLUTE
    _printf_flags                            0x00000000   Number         0  printf_stubs.o ABSOLUTE
    _printf_return_value                     0x00000000   Number         0  printf_stubs.o ABSOLUTE
    _printf_sizespec                         0x00000000   Number         0  printf_stubs.o ABSOLUTE
    _printf_widthprec                        0x00000000   Number         0  printf_stubs.o ABSOLUTE
    __ARM_exceptions_init                     - Undefined Weak Reference
    __alloca_initialize                       - Undefined Weak Reference
    __arm_preinit_                            - Undefined Weak Reference
    __cpp_initialize__aeabi_                  - Undefined Weak Reference
    __cxa_finalize                            - Undefined Weak Reference
    __rt_locale                               - Undefined Weak Reference
    __sigvec_lookup                           - Undefined Weak Reference
    _atexit_init                              - Undefined Weak Reference
    _call_atexit_fns                          - Undefined Weak Reference
    _clock_init                               - Undefined Weak Reference
    _fp_trap_init                             - Undefined Weak Reference
    _fp_trap_shutdown                         - Undefined Weak Reference
    _get_lc_collate                           - Undefined Weak Reference
    _get_lc_ctype                             - Undefined Weak Reference
    _get_lc_monetary                          - Undefined Weak Reference
    _get_lc_numeric                           - Undefined Weak Reference
    _get_lc_time                              - Undefined Weak Reference
    _getenv_init                              - Undefined Weak Reference
    _handle_redirection                       - Undefined Weak Reference
    _init_alloc                               - Undefined Weak Reference
    _init_user_alloc                          - Undefined Weak Reference
    _initio                                   - Undefined Weak Reference
    _printf_mbtowc                            - Undefined Weak Reference
    _printf_truncate_unsigned                 - Undefined Weak Reference
    _rand_init                                - Undefined Weak Reference
    _signal_finish                            - Undefined Weak Reference
    _signal_init                              - Undefined Weak Reference
    _terminate_alloc                          - Undefined Weak Reference
    _terminate_user_alloc                     - Undefined Weak Reference
    _terminateio                              - Undefined Weak Reference
    Reset_Handler                            0x00000058   ARM Code       0  startup.o(RESET)
    __main                                   0x00000110   ARM Code       8  __main.o(!!!main)
    __scatterload                            0x00000118   ARM Code       0  __scatter.o(!!!scatter)
    __scatterload_rt2                        0x00000118   ARM Code      52  __scatter.o(!!!scatter)
    __scatterload_null                       0x0000012c   ARM Code       0  __scatter.o(!!!scatter)
    __scatterload_copy                       0x00000154   ARM Code      40  __scatter_copy.o(!!handler_copy)
    __scatterload_zeroinit                   0x0000017c   ARM Code      44  __scatter_zi.o(!!handler_zi)
    Inline Thumb to ARM Veneer to _printf_percent 0x000001a9   Thumb Code     4  _printf_percent.o(.ARM.Collect$$_printf_percent$$00000000)
    _printf_percent                          0x000001ac   ARM Code       0  _printf_percent.o(.ARM.Collect$$_printf_percent$$00000000)
    _printf_x                                0x000001ac   ARM Code       0  _printf_x.o(.ARM.Collect$$_printf_percent$$0000000C)
    _printf_s                                0x000001b4   ARM Code       0  _printf_s.o(.ARM.Collect$$_printf_percent$$00000014)
    _printf_percent_end                      0x000001bc   ARM Code       0  _printf_percent_end.o(.ARM.Collect$$_printf_percent$$00000017)
    Inline ARM to Thumb Veneer to __rt_lib_init 0x000001c4   ARM Code       8  libinit.o(.ARM.Collect$$libinit$$00000000)
    __rt_lib_init                            0x000001cd   Thumb Code     0  libinit.o(.ARM.Collect$$libinit$$00000000)
    __rt_lib_init_alloca_1                   0x000001cf   Thumb Code     0  libinit2.o(.ARM.Collect$$libinit$$0000002E)
    __rt_lib_init_argv_1                     0x000001cf   Thumb Code     0  libinit2.o(.ARM.Collect$$libinit$$0000002C)
    __rt_lib_init_atexit_1                   0x000001cf   Thumb Code     0  libinit2.o(.ARM.Collect$$libinit$$0000001B)
    __rt_lib_init_clock_1                    0x000001cf   Thumb Code     0  libinit2.o(.ARM.Collect$$libinit$$00000021)
    __rt_lib_init_cpp_1                      0x000001cf   Thumb Code     0  libinit2.o(.ARM.Collect$$libinit$$00000032)
    __rt_lib_init_exceptions_1               0x000001cf   Thumb Code     0  libinit2.o(.ARM.Collect$$libinit$$00000030)
    __rt_lib_init_fp_1                       0x000001cf   Thumb Code     0  libinit2.o(.ARM.Collect$$libinit$$00000002)
    __rt_lib_init_fp_trap_1                  0x000001cf   Thumb Code     0  libinit2.o(.ARM.Collect$$libinit$$0000001F)
    __rt_lib_init_getenv_1                   0x000001cf   Thumb Code     0  libinit2.o(.ARM.Collect$$libinit$$00000023)
    __rt_lib_init_heap_1                     0x000001cf   Thumb Code     0  libinit2.o(.ARM.Collect$$libinit$$0000000A)
    __rt_lib_init_lc_collate_1               0x000001cf   Thumb Code     0  libinit2.o(.ARM.Collect$$libinit$$00000011)
    __rt_lib_init_lc_ctype_1                 0x000001cf   Thumb Code     0  libinit2.o(.ARM.Collect$$libinit$$00000013)
    __rt_lib_init_lc_monetary_1              0x000001cf   Thumb Code     0  libinit2.o(.ARM.Collect$$libinit$$00000015)
    __rt_lib_init_lc_numeric_1               0x000001cf   Thumb Code     0  libinit2.o(.ARM.Collect$$libinit$$00000017)
    __rt_lib_init_lc_time_1                  0x000001cf   Thumb Code     0  libinit2.o(.ARM.Collect$$libinit$$00000019)
    __rt_lib_init_preinit_1                  0x000001cf   Thumb Code     0  libinit2.o(.ARM.Collect$$libinit$$00000004)
    __rt_lib_init_rand_1                     0x000001cf   Thumb Code     0  libinit2.o(.ARM.Collect$$libinit$$0000000E)
    __rt_lib_init_return                     0x000001cf   Thumb Code     0  libinit2.o(.ARM.Collect$$libinit$$00000033)
    __rt_lib_init_signal_1                   0x000001cf   Thumb Code     0  libinit2.o(.ARM.Collect$$libinit$$0000001D)
    __rt_lib_init_stdio_1                    0x000001cf   Thumb Code     0  libinit2.o(.ARM.Collect$$libinit$$00000025)
    __rt_lib_init_user_alloc_1               0x000001cf   Thumb Code     0  libinit2.o(.ARM.Collect$$libinit$$0000000C)
    Inline ARM to Thumb Veneer to __rt_lib_shutdown 0x000001dc   ARM Code       8  libshutdown.o(.ARM.Collect$$libshutdown$$00000000)
    __rt_lib_shutdown                        0x000001e5   Thumb Code     0  libshutdown.o(.ARM.Collect$$libshutdown$$00000000)
    __rt_lib_shutdown_cpp_1                  0x000001e9   Thumb Code     0  libshutdown2.o(.ARM.Collect$$libshutdown$$00000002)
    __rt_lib_shutdown_fp_trap_1              0x000001e9   Thumb Code     0  libshutdown2.o(.ARM.Collect$$libshutdown$$00000007)
    __rt_lib_shutdown_heap_1                 0x000001e9   Thumb Code     0  libshutdown2.o(.ARM.Collect$$libshutdown$$0000000F)
    __rt_lib_shutdown_return                 0x000001e9   Thumb Code     0  libshutdown2.o(.ARM.Collect$$libshutdown$$00000010)
    __rt_lib_shutdown_signal_1               0x000001e9   Thumb Code     0  libshutdown2.o(.ARM.Collect$$libshutdown$$0000000A)
    __rt_lib_shutdown_stdio_1                0x000001e9   Thumb Code     0  libshutdown2.o(.ARM.Collect$$libshutdown$$00000004)
    __rt_lib_shutdown_user_alloc_1           0x000001e9   Thumb Code     0  libshutdown2.o(.ARM.Collect$$libshutdown$$0000000C)
    __rt_entry                               0x000001f0   ARM Code       0  __rtentry.o(.ARM.Collect$$rtentry$$00000000)
    __rt_entry_presh_1                       0x000001f0   ARM Code       0  __rtentry2.o(.ARM.Collect$$rtentry$$00000002)
    __rt_entry_sh                            0x000001f0   ARM Code       0  __rtentry4.o(.ARM.Collect$$rtentry$$00000004)
    __rt_entry_li                            0x000001f8   ARM Code       0  __rtentry2.o(.ARM.Collect$$rtentry$$0000000A)
    __rt_entry_postsh_1                      0x000001f8   ARM Code       0  __rtentry2.o(.ARM.Collect$$rtentry$$00000009)
    __rt_entry_main                          0x000001fc   ARM Code       0  __rtentry2.o(.ARM.Collect$$rtentry$$0000000D)
    __rt_entry_postli_1                      0x000001fc   ARM Code       0  __rtentry2.o(.ARM.Collect$$rtentry$$0000000C)
    Inline Thumb to ARM Veneer to __rt_exit  0x00000225   Thumb Code     4  rtexit.o(.ARM.Collect$$rtexit$$00000000)
    __rt_exit                                0x00000228   ARM Code       0  rtexit.o(.ARM.Collect$$rtexit$$00000000)
    __rt_exit_ls                             0x0000022c   ARM Code       0  rtexit2.o(.ARM.Collect$$rtexit$$00000003)
    __rt_exit_prels_1                        0x0000022c   ARM Code       0  rtexit2.o(.ARM.Collect$$rtexit$$00000002)
    __rt_exit_exit                           0x00000230   ARM Code       0  rtexit2.o(.ARM.Collect$$rtexit$$00000004)
    __user_initial_stackheap                 0x00000238   ARM Code       0  startup.o(.text)
    Inline ARM to Thumb Veneer to __2sprintf 0x00000258   ARM Code       8  noretval__2sprintf.o(.text)
    __2sprintf                               0x00000261   Thumb Code    36  noretval__2sprintf.o(.text)
    _printf_pre_padding                      0x00000289   Thumb Code    50  _printf_pad.o(.text)
    _printf_post_padding                     0x000002bb   Thumb Code    36  _printf_pad.o(.text)
    _printf_str                              0x000002df   Thumb Code    88  _printf_str.o(.text)
    Inline ARM to Thumb Veneer to _printf_int_hex 0x00000338   ARM Code       8  _printf_hex_int.o(.text)
    _printf_int_hex                          0x00000341   Thumb Code    88  _printf_hex_int.o(.text)
    _printf_longlong_hex                     0x00000341   Thumb Code     0  _printf_hex_int.o(.text)
    __printf                                 0x0000039d   Thumb Code   322  __printf_flags_wp.o(.text)
    __aeabi_memcpy4                          0x000004e4   ARM Code       0  rt_memcpy_w.o(.text)
    __aeabi_memcpy8                          0x000004e4   ARM Code       0  rt_memcpy_w.o(.text)
    __rt_memcpy_w                            0x000004e4   ARM Code     100  rt_memcpy_w.o(.text)
    _memcpy_lastbytes_aligned                0x00000530   ARM Code       0  rt_memcpy_w.o(.text)
    __aeabi_idiv                             0x00000548   ARM Code       0  aeabi_sdiv.o(.text)
    __aeabi_idivmod                          0x00000548   ARM Code     384  aeabi_sdiv.o(.text)
    __use_two_region_memory                  0x000006c9   Thumb Code     2  heapauxi.o(.text)
    __rt_heap_escrow$2region                 0x000006cb   Thumb Code     2  heapauxi.o(.text)
    __rt_heap_expand$2region                 0x000006cd   Thumb Code     2  heapauxi.o(.text)
    _printf_int_common                       0x000006cf   Thumb Code   186  _printf_intcommon.o(.text)
    _printf_char_common                      0x00000793   Thumb Code    34  _printf_char_common.o(.text)
    _sputc                                   0x000007b9   Thumb Code    10  _sputc.o(.text)
    Inline ARM to Thumb Veneer to _printf_string 0x000007c4   ARM Code       8  _printf_char.o(.text)
    _printf_cs_common                        0x000007cd   Thumb Code    26  _printf_char.o(.text)
    _printf_char                             0x000007e7   Thumb Code    16  _printf_char.o(.text)
    _printf_string                           0x000007f7   Thumb Code     8  _printf_char.o(.text)
    __user_setup_stackheap                   0x00000800   ARM Code      96  sys_stackheap_outer.o(.text)
    exit                                     0x00000861   Thumb Code    20  exit.o(.text)
    __user_libspace                          0x00000874   ARM Code      12  libspace.o(.text)
    __user_perproc_libspace                  0x00000874   ARM Code       0  libspace.o(.text)
    __user_perthread_libspace                0x00000874   ARM Code       0  libspace.o(.text)
    Inline ARM to Thumb Veneer to _sys_exit  0x00000880   ARM Code       8  sys_exit.o(.text)
    _sys_exit                                0x00000889   Thumb Code     8  sys_exit.o(.text)
    __I$use$semihosting                      0x00000894   ARM Code       0  use_no_semi.o(.text)
    __use_no_semihosting_swi                 0x00000894   ARM Code       4  use_no_semi.o(.text)
    __aeabi_uidiv                            0x00000898   ARM Code       0  aeabi_sdiv.o(.text_udiv)
    __aeabi_uidivmod                         0x00000898   ARM Code      36  aeabi_sdiv.o(.text_udiv)
    __semihosting_library_function           0x00000898   ARM Code       0  indicate_semi.o(.text)
    UART0_isr                                0x000008bc   ARM Code     108  uart0_interrupt.o(i.UART0_isr)
    UART1_isr                                0x00000938   ARM Code     168  uart1_interrupt.o(i.UART1_isr)
    __ARM_common_call_via_r1                 0x000009f5   Thumb Code     2  __printf.o(i.__ARM_common_call_via_r1)
    __ARM_common_call_via_r2                 0x000009f7   Thumb Code     2  __printf.o(i.__ARM_common_call_via_r2)
    _is_digit                                0x000009f9   Thumb Code    14  __printf_wp.o(i._is_digit)
    config_uart0_intr                        0x00000a08   ARM Code      36  uart0_interrupt.o(i.config_uart0_intr)
    config_uart1_intr                        0x00000a34   ARM Code      44  uart1_interrupt.o(i.config_uart1_intr)
    day_name                                 0x00000a68   ARM Code      68  rtc_driver.o(i.day_name)
    delay_ms                                 0x00000ab4   ARM Code      68  delay.o(i.delay_ms)
    i2c_init                                 0x00000b00   ARM Code      48  i2c_driver.o(i.i2c_init)
    i2c_receive                              0x00000b34   ARM Code     436  i2c_driver.o(i.i2c_receive)
    i2c_send                                 0x00000d1c   ARM Code     332  i2c_driver.o(i.i2c_send)
    lcd_cmd                                  0x00000ea4   ARM Code     156  lcd_4bit_driver.o(i.lcd_cmd)
    lcd_data                                 0x00000f44   ARM Code     156  lcd_4bit_driver.o(i.lcd_data)
    lcd_hex                                  0x00000fe4   ARM Code      40  lcd_4bit_driver.o(i.lcd_hex)
    lcd_init                                 0x00001014   ARM Code      72  lcd_4bit_driver.o(i.lcd_init)
    lcd_string                               0x00001060   ARM Code      44  lcd_4bit_driver.o(i.lcd_string)
    main                                     0x0000108c   ARM Code    1372  main.o(i.main)
    rtc_receive_date                         0x00001634   ARM Code      92  rtc_driver.o(i.rtc_receive_date)
    rtc_receive_time                         0x00001694   ARM Code     180  rtc_driver.o(i.rtc_receive_time)
    rtc_set_date                             0x00001750   ARM Code      92  rtc_driver.o(i.rtc_set_date)
    rtc_set_time                             0x000017ac   ARM Code      72  rtc_driver.o(i.rtc_set_time)
    uart0_init                               0x000017f4   ARM Code     124  uart0_driver.o(i.uart0_init)
    uart0_tx                                 0x00001880   ARM Code      40  uart0_driver.o(i.uart0_tx)
    uart0_tx_string                          0x000018ac   ARM Code      44  uart0_driver.o(i.uart0_tx_string)
    uart1_init                               0x000018d8   ARM Code     124  uart1_driver.o(i.uart1_init)
    Region$$Table$$Base                      0x000019f8   Number         0  anon$$obj.o(Region$$Table)
    Region$$Table$$Limit                     0x00001a18   Number         0  anon$$obj.o(Region$$Table)
    rtc_data                                 0x40000000   Data           7  main.o(.data)
    am_pm_flag                               0x40000007   Data           1  rtc_driver.o(.data)
    response_flag                            0x40000008   Data           1  uart0_interrupt.o(.data)
    auth_flag                                0x40000009   Data           1  uart0_interrupt.o(.data)
    intr_flag                                0x4000000c   Data           1  uart1_interrupt.o(.data)
    rx_state                                 0x4000000d   Data           1  uart1_interrupt.o(.data)
    id                                       0x40000014   Data          13  uart1_interrupt.o(.bss)
    __libspace_start                         0x40000024   Data          96  libspace.o(.bss)
    __temporary_stack_top$libspace           0x40000084   Data           0  libspace.o(.bss)



==============================================================================

Memory Map of the image

  Image Entry point : 0x00000110

  Load Region LR_IROM1 (Base: 0x00000000, Size: 0x00001a2c, Max: 0x00040000, ABSOLUTE)

    Execution Region ER_IROM1 (Exec base: 0x00000000, Load base: 0x00000000, Size: 0x00001a18, Max: 0x00040000, ABSOLUTE)

    Exec Addr    Load Addr    Size         Type   Attr      Idx    E Section Name        Object

    0x00000000   0x00000000   0x00000110   Code   RO            3    RESET               startup.o
    0x00000110   0x00000110   0x00000008   Code   RO          359  * !!!main             c_t.l(__main.o)
    0x00000118   0x00000118   0x0000003c   Code   RO          541    !!!scatter          c_t.l(__scatter.o)
    0x00000154   0x00000154   0x00000028   Code   RO          543    !!handler_copy      c_t.l(__scatter_copy.o)
    0x0000017c   0x0000017c   0x0000002c   Code   RO          545    !!handler_zi        c_t.l(__scatter_zi.o)
    0x000001a8   0x000001a8   0x00000004   Ven    RO          338    .ARM.Collect$$_printf_percent$$00000000  c_t.l(_printf_percent.o)
    0x000001ac   0x000001ac   0x00000000   Code   RO          338    .ARM.Collect$$_printf_percent$$00000000  c_t.l(_printf_percent.o)
    0x000001ac   0x000001ac   0x00000008   Code   RO          337    .ARM.Collect$$_printf_percent$$0000000C  c_t.l(_printf_x.o)
    0x000001b4   0x000001b4   0x00000008   Code   RO          336    .ARM.Collect$$_printf_percent$$00000014  c_t.l(_printf_s.o)
    0x000001bc   0x000001bc   0x00000008   Code   RO          374    .ARM.Collect$$_printf_percent$$00000017  c_t.l(_printf_percent_end.o)
    0x000001c4   0x000001c4   0x00000008   Ven    RO          411    .ARM.Collect$$libinit$$00000000  c_t.l(libinit.o)
    0x000001cc   0x000001cc   0x00000002   Code   RO          411    .ARM.Collect$$libinit$$00000000  c_t.l(libinit.o)
    0x000001ce   0x000001ce   0x00000000   Code   RO          424    .ARM.Collect$$libinit$$00000002  c_t.l(libinit2.o)
    0x000001ce   0x000001ce   0x00000000   Code   RO          426    .ARM.Collect$$libinit$$00000004  c_t.l(libinit2.o)
    0x000001ce   0x000001ce   0x00000000   Code   RO          429    .ARM.Collect$$libinit$$0000000A  c_t.l(libinit2.o)
    0x000001ce   0x000001ce   0x00000000   Code   RO          431    .ARM.Collect$$libinit$$0000000C  c_t.l(libinit2.o)
    0x000001ce   0x000001ce   0x00000000   Code   RO          433    .ARM.Collect$$libinit$$0000000E  c_t.l(libinit2.o)
    0x000001ce   0x000001ce   0x00000000   Code   RO          436    .ARM.Collect$$libinit$$00000011  c_t.l(libinit2.o)
    0x000001ce   0x000001ce   0x00000000   Code   RO          438    .ARM.Collect$$libinit$$00000013  c_t.l(libinit2.o)
    0x000001ce   0x000001ce   0x00000000   Code   RO          440    .ARM.Collect$$libinit$$00000015  c_t.l(libinit2.o)
    0x000001ce   0x000001ce   0x00000000   Code   RO          442    .ARM.Collect$$libinit$$00000017  c_t.l(libinit2.o)
    0x000001ce   0x000001ce   0x00000000   Code   RO          444    .ARM.Collect$$libinit$$00000019  c_t.l(libinit2.o)
    0x000001ce   0x000001ce   0x00000000   Code   RO          446    .ARM.Collect$$libinit$$0000001B  c_t.l(libinit2.o)
    0x000001ce   0x000001ce   0x00000000   Code   RO          448    .ARM.Collect$$libinit$$0000001D  c_t.l(libinit2.o)
    0x000001ce   0x000001ce   0x00000000   Code   RO          450    .ARM.Collect$$libinit$$0000001F  c_t.l(libinit2.o)
    0x000001ce   0x000001ce   0x00000000   Code   RO          452    .ARM.Collect$$libinit$$00000021  c_t.l(libinit2.o)
    0x000001ce   0x000001ce   0x00000000   Code   RO          454    .ARM.Collect$$libinit$$00000023  c_t.l(libinit2.o)
    0x000001ce   0x000001ce   0x00000000   Code   RO          456    .ARM.Collect$$libinit$$00000025  c_t.l(libinit2.o)
    0x000001ce   0x000001ce   0x00000000   Code   RO          460    .ARM.Collect$$libinit$$0000002C  c_t.l(libinit2.o)
    0x000001ce   0x000001ce   0x00000000   Code   RO          462    .ARM.Collect$$libinit$$0000002E  c_t.l(libinit2.o)
    0x000001ce   0x000001ce   0x00000000   Code   RO          464    .ARM.Collect$$libinit$$00000030  c_t.l(libinit2.o)
    0x000001ce   0x000001ce   0x00000000   Code   RO          466    .ARM.Collect$$libinit$$00000032  c_t.l(libinit2.o)
    0x000001ce   0x000001ce   0x0000000c   Code   RO          467    .ARM.Collect$$libinit$$00000033  c_t.l(libinit2.o)
    0x000001da   0x000001da   0x00000002   PAD
    0x000001dc   0x000001dc   0x00000008   Ven    RO          498    .ARM.Collect$$libshutdown$$00000000  c_t.l(libshutdown.o)
    0x000001e4   0x000001e4   0x00000004   Code   RO          498    .ARM.Collect$$libshutdown$$00000000  c_t.l(libshutdown.o)
    0x000001e8   0x000001e8   0x00000000   Code   RO          524    .ARM.Collect$$libshutdown$$00000002  c_t.l(libshutdown2.o)
    0x000001e8   0x000001e8   0x00000000   Code   RO          526    .ARM.Collect$$libshutdown$$00000004  c_t.l(libshutdown2.o)
    0x000001e8   0x000001e8   0x00000000   Code   RO          529    .ARM.Collect$$libshutdown$$00000007  c_t.l(libshutdown2.o)
    0x000001e8   0x000001e8   0x00000000   Code   RO          532    .ARM.Collect$$libshutdown$$0000000A  c_t.l(libshutdown2.o)
    0x000001e8   0x000001e8   0x00000000   Code   RO          534    .ARM.Collect$$libshutdown$$0000000C  c_t.l(libshutdown2.o)
    0x000001e8   0x000001e8   0x00000000   Code   RO          537    .ARM.Collect$$libshutdown$$0000000F  c_t.l(libshutdown2.o)
    0x000001e8   0x000001e8   0x00000006   Code   RO          538    .ARM.Collect$$libshutdown$$00000010  c_t.l(libshutdown2.o)
    0x000001ee   0x000001ee   0x00000002   PAD
    0x000001f0   0x000001f0   0x00000000   Code   RO          361    .ARM.Collect$$rtentry$$00000000  c_t.l(__rtentry.o)
    0x000001f0   0x000001f0   0x00000000   Code   RO          376    .ARM.Collect$$rtentry$$00000002  c_t.l(__rtentry2.o)
    0x000001f0   0x000001f0   0x00000008   Code   RO          388    .ARM.Collect$$rtentry$$00000004  c_t.l(__rtentry4.o)
    0x000001f8   0x000001f8   0x00000000   Code   RO          378    .ARM.Collect$$rtentry$$00000009  c_t.l(__rtentry2.o)
    0x000001f8   0x000001f8   0x00000004   Code   RO          379    .ARM.Collect$$rtentry$$0000000A  c_t.l(__rtentry2.o)
    0x000001fc   0x000001fc   0x00000000   Code   RO          381    .ARM.Collect$$rtentry$$0000000C  c_t.l(__rtentry2.o)
    0x000001fc   0x000001fc   0x00000028   Code   RO          382    .ARM.Collect$$rtentry$$0000000D  c_t.l(__rtentry2.o)
    0x00000224   0x00000224   0x00000004   Ven    RO          415    .ARM.Collect$$rtexit$$00000000  c_t.l(rtexit.o)
    0x00000228   0x00000228   0x00000004   Code   RO          415    .ARM.Collect$$rtexit$$00000000  c_t.l(rtexit.o)
    0x0000022c   0x0000022c   0x00000000   Code   RO          471    .ARM.Collect$$rtexit$$00000002  c_t.l(rtexit2.o)
    0x0000022c   0x0000022c   0x00000004   Code   RO          472    .ARM.Collect$$rtexit$$00000003  c_t.l(rtexit2.o)
    0x00000230   0x00000230   0x00000008   Code   RO          473    .ARM.Collect$$rtexit$$00000004  c_t.l(rtexit2.o)
    0x00000238   0x00000238   0x00000020   Code   RO            4    .text               startup.o
    0x00000258   0x00000258   0x00000008   Ven    RO          283    .text               c_t.l(noretval__2sprintf.o)
    0x00000260   0x00000260   0x00000028   Code   RO          283    .text               c_t.l(noretval__2sprintf.o)
    0x00000288   0x00000288   0x00000056   Code   RO          291    .text               c_t.l(_printf_pad.o)
    0x000002de   0x000002de   0x00000058   Code   RO          293    .text               c_t.l(_printf_str.o)
    0x00000336   0x00000336   0x00000002   PAD
    0x00000338   0x00000338   0x00000008   Ven    RO          298    .text               c_t.l(_printf_hex_int.o)
    0x00000340   0x00000340   0x0000005c   Code   RO          298    .text               c_t.l(_printf_hex_int.o)
    0x0000039c   0x0000039c   0x00000148   Code   RO          328    .text               c_t.l(__printf_flags_wp.o)
    0x000004e4   0x000004e4   0x00000064   Code   RO          339    .text               c_t.l(rt_memcpy_w.o)
    0x00000548   0x00000548   0x00000180   Code   RO          341    .text               c_t.l(aeabi_sdiv.o)
    0x000006c8   0x000006c8   0x00000006   Code   RO          357    .text               c_t.l(heapauxi.o)
    0x000006ce   0x000006ce   0x000000ba   Code   RO          366    .text               c_t.l(_printf_intcommon.o)
    0x00000788   0x00000788   0x00000030   Code   RO          368    .text               c_t.l(_printf_char_common.o)
    0x000007b8   0x000007b8   0x0000000a   Code   RO          370    .text               c_t.l(_sputc.o)
    0x000007c2   0x000007c2   0x00000002   PAD
    0x000007c4   0x000007c4   0x00000008   Ven    RO          372    .text               c_t.l(_printf_char.o)
    0x000007cc   0x000007cc   0x00000032   Code   RO          372    .text               c_t.l(_printf_char.o)
    0x000007fe   0x000007fe   0x00000002   PAD
    0x00000800   0x00000800   0x00000060   Code   RO          398    .text               c_t.l(sys_stackheap_outer.o)
    0x00000860   0x00000860   0x00000014   Code   RO          400    .text               c_t.l(exit.o)
    0x00000874   0x00000874   0x0000000c   Code   RO          412    .text               c_t.l(libspace.o)
    0x00000880   0x00000880   0x00000008   Ven    RO          468    .text               c_t.l(sys_exit.o)
    0x00000888   0x00000888   0x0000000c   Code   RO          468    .text               c_t.l(sys_exit.o)
    0x00000894   0x00000894   0x00000004   Code   RO          487    .text               c_t.l(use_no_semi.o)
    0x00000898   0x00000898   0x00000000   Code   RO          489    .text               c_t.l(indicate_semi.o)
    0x00000898   0x00000898   0x00000024   Code   RO          342    .text_udiv          c_t.l(aeabi_sdiv.o)
    0x000008bc   0x000008bc   0x0000007c   Code   RO          228    i.UART0_isr         uart0_interrupt.o
    0x00000938   0x00000938   0x000000bc   Code   RO          253    i.UART1_isr         uart1_interrupt.o
    0x000009f4   0x000009f4   0x00000002   Code   RO          289    i.__ARM_common_call_via_r1  c_t.l(__printf.o)
    0x000009f6   0x000009f6   0x00000002   Code   RO          287    i.__ARM_common_call_via_r2  c_t.l(__printf.o)
    0x000009f8   0x000009f8   0x0000000e   Code   RO          326    i._is_digit         c_t.l(__printf_wp.o)
    0x00000a06   0x00000a06   0x00000002   PAD
    0x00000a08   0x00000a08   0x0000002c   Code   RO          229    i.config_uart0_intr  uart0_interrupt.o
    0x00000a34   0x00000a34   0x00000034   Code   RO          254    i.config_uart1_intr  uart1_interrupt.o
    0x00000a68   0x00000a68   0x0000004c   Code   RO          182    i.day_name          rtc_driver.o
    0x00000ab4   0x00000ab4   0x0000004c   Code   RO           38    i.delay_ms          delay.o
    0x00000b00   0x00000b00   0x00000034   Code   RO          158    i.i2c_init          i2c_driver.o
    0x00000b34   0x00000b34   0x000001e8   Code   RO          159    i.i2c_receive       i2c_driver.o
    0x00000d1c   0x00000d1c   0x00000188   Code   RO          160    i.i2c_send          i2c_driver.o
    0x00000ea4   0x00000ea4   0x000000a0   Code   RO           56    i.lcd_cmd           lcd_4bit_driver.o
    0x00000f44   0x00000f44   0x000000a0   Code   RO           57    i.lcd_data          lcd_4bit_driver.o
    0x00000fe4   0x00000fe4   0x00000030   Code   RO           58    i.lcd_hex           lcd_4bit_driver.o
    0x00001014   0x00001014   0x0000004c   Code   RO           59    i.lcd_init          lcd_4bit_driver.o
    0x00001060   0x00001060   0x0000002c   Code   RO           60    i.lcd_string        lcd_4bit_driver.o
    0x0000108c   0x0000108c   0x000005a8   Code   RO           11    i.main              main.o
    0x00001634   0x00001634   0x00000060   Code   RO          183    i.rtc_receive_date  rtc_driver.o
    0x00001694   0x00001694   0x000000bc   Code   RO          184    i.rtc_receive_time  rtc_driver.o
    0x00001750   0x00001750   0x0000005c   Code   RO          185    i.rtc_set_date      rtc_driver.o
    0x000017ac   0x000017ac   0x00000048   Code   RO          186    i.rtc_set_time      rtc_driver.o
    0x000017f4   0x000017f4   0x0000008c   Code   RO           96    i.uart0_init        uart0_driver.o
    0x00001880   0x00001880   0x0000002c   Code   RO           98    i.uart0_tx          uart0_driver.o
    0x000018ac   0x000018ac   0x0000002c   Code   RO           99    i.uart0_tx_string   uart0_driver.o
    0x000018d8   0x000018d8   0x0000008c   Code   RO          127    i.uart1_init        uart1_driver.o
    0x00001964   0x00001964   0x0000000c   Data   RO          100    .constdata          uart0_driver.o
    0x00001970   0x00001970   0x0000000c   Data   RO          131    .constdata          uart1_driver.o
    0x0000197c   0x0000197c   0x00000020   Data   RO          187    .constdata          rtc_driver.o
    0x0000199c   0x0000199c   0x00000028   Data   RO          299    .constdata          c_t.l(_printf_hex_int.o)
    0x000019c4   0x000019c4   0x00000011   Data   RO          329    .constdata          c_t.l(__printf_flags_wp.o)
    0x000019d5   0x000019d5   0x00000003   PAD
    0x000019d8   0x000019d8   0x0000001d   Data   RO          188    .conststring        rtc_driver.o
    0x000019f5   0x000019f5   0x00000003   PAD
    0x000019f8   0x000019f8   0x00000020   Data   RO          539    Region$$Table       anon$$obj.o


    Execution Region RW_IRAM1 (Exec base: 0x40000000, Load base: 0x00001a18, Size: 0x00000510, Max: 0x00004000, ABSOLUTE)

    Exec Addr    Load Addr    Size         Type   Attr      Idx    E Section Name        Object

    0x40000000   0x00001a18   0x00000007   Data   RW           12    .data               main.o
    0x40000007   0x00001a1f   0x00000001   Data   RW          189    .data               rtc_driver.o
    0x40000008   0x00001a20   0x00000002   Data   RW          230    .data               uart0_interrupt.o
    0x4000000a   0x00001a22   0x00000002   PAD
    0x4000000c   0x00001a24   0x00000008   Data   RW          256    .data               uart1_interrupt.o
    0x40000014        -       0x0000000d   Zero   RW          255    .bss                uart1_interrupt.o
    0x40000021   0x00001a2c   0x00000003   PAD
    0x40000024        -       0x00000060   Zero   RW          413    .bss                c_t.l(libspace.o)
    0x40000084   0x00001a2c   0x00000004   PAD
    0x40000088        -       0x00000000   Zero   RW            2    HEAP                startup.o
    0x40000088        -       0x00000488   Zero   RW            1    STACK               startup.o


==============================================================================

Image component sizes


      Code (inc. data)   RO Data    RW Data    ZI Data      Debug   Object Name

        76          8          0          0          0        463   delay.o
       932        116          0          0          0       1936   i2c_driver.o
       488         20          0          0          0       2763   lcd_4bit_driver.o
      1448        324          0          7          0       3329   main.o
       524         20         61          1          0       3796   rtc_driver.o
       304         60          0          0       1160        620   startup.o
       228         20         12          0          0       1622   uart0_driver.o
       168         24          0          2          0       1853   uart0_interrupt.o
       140         16         12          0          0        617   uart1_driver.o
       240         28          0          8         13       2357   uart1_interrupt.o

    ----------------------------------------------------------------------
      4548        636        120         20       1176      19356   Object Totals
         0          0         32          0          0          0   (incl. Generated)
         0          0          3          2          3          0   (incl. Padding)

    ----------------------------------------------------------------------

      Code (inc. data)   RO Data    RW Data    ZI Data      Debug   Library Member Name

         8          0          0          0          0         68   __main.o
         4          0          0          0          0        120   __printf.o
       328          6         17          0          0         92   __printf_flags_wp.o
        14          0          0          0          0         60   __printf_wp.o
         0          0          0          0          0          0   __rtentry.o
        44          4          0          0          0          0   __rtentry2.o
         8          0          0          0          0          0   __rtentry4.o
        60          8          0          0          0          0   __scatter.o
        40          0          0          0          0          0   __scatter_copy.o
        44          0          0          0          0          0   __scatter_zi.o
        58          0          0          0          0        112   _printf_char.o
        48          4          0          0          0         96   _printf_char_common.o
       100          4         40          0          0         84   _printf_hex_int.o
       186          0          0          0          0         96   _printf_intcommon.o
        86          0          0          0          0        116   _printf_pad.o
         4          0          0          0          0          0   _printf_percent.o
         8          0          0          0          0          0   _printf_percent_end.o
         8          0          0          0          0          0   _printf_s.o
        88          0          0          0          0         84   _printf_str.o
         8          0          0          0          0          0   _printf_x.o
        10          0          0          0          0         60   _sputc.o
       420          0          0          0          0        148   aeabi_sdiv.o
        20          0          0          0          0         80   exit.o
         6          0          0          0          0        136   heapauxi.o
         0          0          0          0          0          0   indicate_semi.o
        10          0          0          0          0          0   libinit.o
        12          0          0          0          0          0   libinit2.o
        12          0          0          0          0          0   libshutdown.o
         6          0          0          0          0          0   libshutdown2.o
        12          4          0          0         96         68   libspace.o
        48          4          0          0          0         84   noretval__2sprintf.o
       100          0          0          0          0         80   rt_memcpy_w.o
         8          0          0          0          0          0   rtexit.o
        12          0          0          0          0          0   rtexit2.o
        20          4          0          0          0         60   sys_exit.o
        96          0          0          0          0         80   sys_stackheap_outer.o
         4          0          0          0          0         68   use_no_semi.o

    ----------------------------------------------------------------------
      1952         38         60          0        100       1792   Library Totals
        12          0          3          0          4          0   (incl. Padding)

    ----------------------------------------------------------------------

      Code (inc. data)   RO Data    RW Data    ZI Data      Debug   Library Name

      1940         38         57          0         96       1792   c_t.l

    ----------------------------------------------------------------------
      1952         38         60          0        100       1792   Library Totals

    ----------------------------------------------------------------------

==============================================================================


      Code (inc. data)   RO Data    RW Data    ZI Data      Debug   

      6500        674        180         20       1276      19436   Grand Totals
      6500        674        180         20       1276      19436   ELF Image Totals
      6500        674        180         20          0          0   ROM Totals

==============================================================================

    Total RO  Size (Code + RO Data)                 6680 (   6.52kB)
    Total RW  Size (RW Data + ZI Data)              1296 (   1.27kB)
    Total ROM Size (Code + RO Data + RW Data)       6700 (   6.54kB)

==============================================================================

